# SOURCELONG:The Worldwound	SOURCESHORT:WWD	SOURCEWEB:https://paizo.com/products/btpy8yvk	SOURCEDATE:2013-06

# Template Name					Visible	Define Stat			Required Race					Prohibited Stat	Required Text		Modify VAR			Add					Apply Kit			Bonus Languages		Subrace		Main Race Type			Race Subtype		Add Levels
Demonic Vermin	VISIBLE:YES	PRERACE:1,RACETYPE=Vermin,TYPE=Vermin	BONUS:VAR|Mindless|-1	CR:1	KIT:1|CE	HD:1-11:DR:5/Cold Iron	HD:12+:DR:10/Cold Iron	SOURCEPAGE:p. 53	BONUS:VAR|AcidResistanceBonus,ColdResistanceBonus,FireResistanceBonus|10|TYPE=Resistance	BONUS:VAR|AC_Natural_Armor|2|TYPE=Base.STACKe	ABILITY:Special Ability|AUTOMATIC|Immunity to Electricity|Immunity to Poison|Telepathy	ABILITY:Special Ability|AUTOMATIC|Demonic Traits ~ Special Attack	BONUS:STAT|STR|4	BONUS:STAT|CON|2	DEFINESTAT:LOCK|INT|10	DEFINESTAT:LOCK|CHA|16	ABILITY:FEAT|AUTOMATIC|Toughness	ADD:LANGUAGE|3|Abyssal,Celestial,Draconic	HD:1-4:SPELLS:Innate|TIMES=1|CASTERLEVEL=CR|Darkness	HD:5-8:SPELLS:Innate|TIMES=1|CASTERLEVEL=CR|Vomit Swarm	HD:9-12:SPELLS:Innate|TIMES=1|CASTERLEVEL=CR|Insect Plague	HD:13-16:SPELLS:Innate|TIMES=1|CASTERLEVEL=CR|Teleport (Greater/self plus objects)	HD:17+:SPELLS:Innate|TIMES=1|CASTERLEVEL=CR|Earthquake
