# SOURCELONG:The Worldwound	SOURCESHORT:WWD	SOURCEWEB:https://paizo.com/products/btpy8yvk	SOURCEDATE:2013-06

Special Attack			KEY:Demonic Traits ~ Special Attack			CATEGORY:Special Ability	TYPE:SpecialQuality			DESC:A demonic vermin retains all the special attacks of the base creature. In addition, it gains one of the following special abilities of your choosing-you can, of course, invent different abilities of your own as well. The save DC for any of these attacks is equal to 10 + 1/2 the demonic vermin's HD + the demonic vermin's Constitution modifier. Abyssal Energy, Additional Senses, Death Throes, Diseased, Drone, Skitter																																																																																																																															BONUS:ABILITYPOOL|Demonic Special Attack Types|0	BONUS:ABILITYPOOL|Demonic Special Attack Types|1	SOURCEPAGE:p.58

Abyssal Energy (Acid)	KEY:Demonic Traits ~ Abyssal Energy ~ Acid	CATEGORY:Special Ability	TYPE:SpecialAttack.Supernatural.DemonicSpecialAttack	DEFINE:AbyssalEnergy_BreathWeaponDice|0	DEFINE:AbyssalEnergy_DC|0	DESC:The demonic vermin gains immunity to Acid, and also gains a breath weapon that inflicts acid damage. This breath weapon is a 60-foot-line, and deals %1d6 points of damage (Reflex DC %2 save halves). It can be used once every 1d4 rounds.|AbyssalEnergy_BreathWeaponDice|AbyssalEnergy_DC	BONUS:VAR|AbyssalEnergy_BreathWeaponDice|CR	BONUS:VAR|AbyssalEnergy_DC|10+(HD/2)+CON	ABILITY:Special Ability|AUTOMATIC|Immunity to Acid
Abyssal Energy (Cold)	KEY:Demonic Traits ~ Abyssal Energy ~ Cold	CATEGORY:Special Ability	TYPE:SpecialAttack.Supernatural.DemonicSpecialAttack	DEFINE:AbyssalEnergy_BreathWeaponDice|0	DEFINE:AbyssalEnergy_DC|0	DESC:The demonic vermin gains immunity to Cold, and also gains a breath weapon that inflicts cold damage. This breath weapon is a 60-foot-line, and deals %1d6 points of damage (Reflex DC %2 save halves). It can be used once every 1d4 rounds.|AbyssalEnergy_BreathWeaponDice|AbyssalEnergy_DC	BONUS:VAR|AbyssalEnergy_BreathWeaponDice|CR	BONUS:VAR|AbyssalEnergy_DC|10+(HD/2)+CON	ABILITY:Special Ability|AUTOMATIC|Immunity to Cold
Abyssal Energy (Fire)	KEY:Demonic Traits ~ Abyssal Energy ~ Fire	CATEGORY:Special Ability	TYPE:SpecialAttack.Supernatural.DemonicSpecialAttack	DEFINE:AbyssalEnergy_BreathWeaponDice|0	DEFINE:AbyssalEnergy_DC|0	DESC:The demonic vermin gains immunity to Fire, and also gains a breath weapon that inflicts Fire damage. This breath weapon is a 60-foot-line, and deals %1d6 points of damage (Reflex DC %2 save halves). It can be used once every 1d4 rounds.|AbyssalEnergy_BreathWeaponDice|AbyssalEnergy_DC	BONUS:VAR|AbyssalEnergy_BreathWeaponDice|CR	BONUS:VAR|AbyssalEnergy_DC|10+(HD/2)+CON	ABILITY:Special Ability|AUTOMATIC|Immunity to Fire

Additional Senses		KEY:Demonic Traits ~ Additional Senses		CATEGORY:Special Ability	TYPE:SpecialQuality.Extraordinary.DemonicSpecialAttack	VISIBLE:DISPLAY					DESC:The vermin has a large number of extra eyes and other sensory organs. It gains all-around vision, scent, and a +8 racial bonus on Perception checks.		BONUS:SKILL|Perception|8

Death Throes (Acid)	KEY:Demonic Traits ~ Death Throes ~ Acid	CATEGORY:Special Ability	TYPE:SpecialQuality.Supernatural.DemonicSpecialAttack	DEFINE:DeathThroesDice|0	DEFINE:DeathThroesDC|0	DESC:When the vermin is slain, it can make a single melee attack (using any one of its natural attacks) as an immediate action. It then explodes into acid, dealing %1d6 points of damage (Reflex DC %2 save halves).|DeathThroesDice|DeathThroesDC	BONUS:VAR|DeathThroesDice|CR	BONUS:VAR|DeathThroesDC|10+(HD/2)+CON
Death Throes (Cold)	KEY:Demonic Traits ~ Death Throes ~ Cold	CATEGORY:Special Ability	TYPE:SpecialQuality.Supernatural.DemonicSpecialAttack	DEFINE:DeathThroesDice|0	DEFINE:DeathThroesDC|0	DESC:When the vermin is slain, it can make a single melee attack (using any one of its natural attacks) as an immediate action. It then explodes into cold, dealing %1d6 points of damage (Reflex DC %2 save halves).|DeathThroesDice|DeathThroesDC	BONUS:VAR|DeathThroesDice|CR	BONUS:VAR|DeathThroesDC|10+(HD/2)+CON
Death Throes (Fire)	KEY:Demonic Traits ~ Death Throes ~ Fire	CATEGORY:Special Ability	TYPE:SpecialQuality.Supernatural.DemonicSpecialAttack	DEFINE:DeathThroesDice|0	DEFINE:DeathThroesDC|0	DESC:When the vermin is slain, it can make a single melee attack (using any one of its natural attacks) as an immediate action. It then explodes into fire, dealing %1d6 points of damage (Reflex DC %2 save halves).|DeathThroesDice|DeathThroesDC	BONUS:VAR|DeathThroesDice|CR	BONUS:VAR|DeathThroesDC|10+(HD/2)+CON
Death Throes (Electricity)	KEY:Demonic Traits ~ Death Throes ~ Electricity	CATEGORY:Special Ability	TYPE:SpecialQuality.Supernatural.DemonicSpecialAttack	DEFINE:DeathThroesDice|0	DEFINE:DeathThroesDC|0	DESC:When the vermin is slain, it can make a single melee attack (using any one of its natural attacks) as an immediate action. It then explodes into electricity, dealing %1d6 points of damage (Reflex DC %2 save halves).|DeathThroesDice|DeathThroesDC	BONUS:VAR|DeathThroesDice|CR	BONUS:VAR|DeathThroesDC|10+(HD/2)+CON

Diseased	KEY:Demonic Traits ~ Diseased	CATEGORY:Special Ability	TYPE:SpecialQuality.Supernatural.DemonicSpecialAttack	DEFINE:DiseasedDC|0	DESC:The demonic vermin is immune to disease, and its natural attacks inflict demonplague on a hit (Fortitude DC %1 save negates).|DiseasedDC	BONUS:VAR|DiseasedDC|10+(HD/2)+CON	ABILITY:Special Ability|AUTOMATIC|Immunity to Disease		ABILITY:Special Ability|AUTOMATIC|Demonic Traits ~ Demonplague
Disease		KEY:Demonic Traits ~ Demonplague		CATEGORY:Special Ability	TYPE:SpecialAttack.Extraordinary	DESC:Demonplague: Natural Attacks - injury; save Fortitude DC 18; onset 1 day; frequency 1/day; effect 1d3 Con damage and 1d6 Wis damage, and victim is fatigued if any ability damage is taken from the disease; certain creatures slain by demonplague rise as plagued beasts (see page 56); cure 3 consecutive saves.											ABILITY:Ability Focus|AUTOMATIC|Disease						SOURCEPAGE:p.29

Drone	KEY:Demonic Traits ~ Drone	CATEGORY:Special Ability	TYPE:SpecialAttack.Supernatural.DemonicSpecialAttack	DEFINE:DroneDC|0	DESC:By rubbing its wings or limbs together as a standard action, the demonic vermin produces a loud, discordant drone that causes those within 30 feet of it to become sickened for 1d6 rounds (Will DC %1 save negates). This is a sonic mind-affecting effect.|DroneDC	BONUS:VAR|DroneDC|10+(HD/2)+CON
CATEGORY=Special Ability|Demonic Traits ~ Drone.MOD	DESC:.CLEAR	DESC:By rubbing its wings or limbs together as a standard action, the demonic vermin produces a loud, discordant drone that causes those within 30 feet of it to become confused for 1d6 rounds (Will DC %1 save negates). This is a sonic mind-affecting effect.|DroneDC|PREVARGTEQ:CR,9

Skitter	KEY:Demonic Traits ~ Skitter	CATEGORY:Special Ability	TYPE:SpecialQuality.Extraordinary.DemonicSpecialAttack	DESC:The creature has uncanny speed and erratic movements. The vermin's speeds all increase by 10 feet, it gains Mobility and Spring Attack as bonus feats, and it gains a +4 racial bonus on Initiative checks.
